Release 14.7 - xst P.20131013 (nt64)
Copyright (c) 1995-2013 Xilinx, Inc.  All rights reserved.
--> Parameter TMPDIR set to xst/projnav.tmp


Total REAL time to Xst completion: 1.00 secs
Total CPU time to Xst completion: 0.23 secs
 
--> Parameter xsthdpdir set to xst


Total REAL time to Xst completion: 1.00 secs
Total CPU time to Xst completion: 0.23 secs
 
--> Reading design: Computer.prj

TABLE OF CONTENTS
  1) Synthesis Options Summary
  2) HDL Parsing
  3) HDL Elaboration
  4) HDL Synthesis
       4.1) HDL Synthesis Report
  5) Advanced HDL Synthesis
       5.1) Advanced HDL Synthesis Report
  6) Low Level Synthesis
  7) Partition Report
  8) Design Summary
       8.1) Primitive and Black Box Usage
       8.2) Device utilization summary
       8.3) Partition Resource Summary
       8.4) Timing Report
            8.4.1) Clock Information
            8.4.2) Asynchronous Control Signals Information
            8.4.3) Timing Summary
            8.4.4) Timing Details
            8.4.5) Cross Clock Domains Report


=========================================================================
*                      Synthesis Options Summary                        *
=========================================================================
---- Source Parameters
Input File Name                    : "Computer.prj"
Ignore Synthesis Constraint File   : NO

---- Target Parameters
Output File Name                   : "Computer"
Output Format                      : NGC
Target Device                      : xc6slx45-3-csg484

---- Source Options
Top Module Name                    : Computer
Automatic FSM Extraction           : YES
FSM Encoding Algorithm             : Auto
Safe Implementation                : No
FSM Style                          : LUT
RAM Extraction                     : Yes
RAM Style                          : Auto
ROM Extraction                     : Yes
Shift Register Extraction          : YES
ROM Style                          : Auto
Resource Sharing                   : YES
Asynchronous To Synchronous        : NO
Shift Register Minimum Size        : 2
Use DSP Block                      : Auto
Automatic Register Balancing       : No

---- Target Options
LUT Combining                      : Auto
Reduce Control Sets                : Auto
Add IO Buffers                     : YES
Global Maximum Fanout              : 100000
Add Generic Clock Buffer(BUFG)     : 16
Register Duplication               : YES
Optimize Instantiated Primitives   : NO
Use Clock Enable                   : Auto
Use Synchronous Set                : Auto
Use Synchronous Reset              : Auto
Pack IO Registers into IOBs        : Auto
Equivalent register Removal        : YES

---- General Options
Optimization Goal                  : Speed
Optimization Effort                : 1
Power Reduction                    : NO
Keep Hierarchy                     : No
Netlist Hierarchy                  : As_Optimized
RTL Output                         : Yes
Global Optimization                : AllClockNets
Read Cores                         : YES
Write Timing Constraints           : NO
Cross Clock Analysis               : NO
Hierarchy Separator                : /
Bus Delimiter                      : <>
Case Specifier                     : Maintain
Slice Utilization Ratio            : 100
BRAM Utilization Ratio             : 100
DSP48 Utilization Ratio            : 100
Auto BRAM Packing                  : NO
Slice Utilization Ratio Delta      : 5

=========================================================================


=========================================================================
*                          HDL Parsing                                  *
=========================================================================
Analyzing Verilog file "C:\Users\Administrator\Desktop\singleCPU\Mycode\MUX32_2_1.v" into library work
Parsing module <MUX32_2_1>.
Analyzing Verilog file "C:\Users\Administrator\Desktop\singleCPU\Mycode\Left_2_Shifter.v" into library work
Parsing module <Left_2_Shifter>.
Analyzing Verilog file "C:\Users\Administrator\Desktop\singleCPU\Mycode\Control.v" into library work
Parsing module <Control>.
Analyzing Verilog file "C:\Users\Administrator\Desktop\singleCPU\Mycode\ALUop.v" into library work
Parsing module <ALUop>.
Analyzing Verilog file "C:\Users\Administrator\Desktop\singleCPU\Mycode\ADD32.v" into library work
Parsing module <ADD32>.
Analyzing Verilog file "C:\Users\Administrator\Desktop\singleCPU\Sign_Extender.v" into library work
Parsing module <Sign_Extender>.
Analyzing Verilog file "C:\Users\Administrator\Desktop\singleCPU\Mycode\RegFile.v" into library work
Parsing module <RegFile>.
Analyzing Verilog file "C:\Users\Administrator\Desktop\singleCPU\Mycode\MUX5_2_1.v" into library work
Parsing module <MUX5_2_1>.
Analyzing Verilog file "C:\Users\Administrator\Desktop\singleCPU\Mycode\Fetch.v" into library work
Parsing module <Fetch>.
Analyzing Verilog file "C:\Users\Administrator\Desktop\singleCPU\Mycode\Control_Unit.v" into library work
Parsing module <Control_Unit>.
Analyzing Verilog file "C:\Users\Administrator\Desktop\singleCPU\Mycode\ALU.v" into library work
Parsing module <ALU>.
Analyzing Verilog file "C:\Users\Administrator\Desktop\singleCPU\Inst_mem.v" into library work
Parsing module <Inst_mem>.
Analyzing Verilog file "C:\Users\Administrator\Desktop\singleCPU\DATA_RAM.v" into library work
Parsing module <DATA_RAM>.
Analyzing Verilog file "C:\Users\Administrator\Desktop\singleCPU\Data_Flow.v" into library work
Parsing module <Data_Flow>.
Analyzing Verilog file "C:\Users\Administrator\Desktop\singleCPU\Computer.v" into library work
Parsing module <Computer>.

=========================================================================
*                            HDL Elaboration                            *
=========================================================================

Elaborating module <Computer>.

Elaborating module <Inst_mem>.
WARNING:HDLCompiler:634 - "C:\Users\Administrator\Desktop\singleCPU\Inst_mem.v" Line 25: Net <ram[8][31]> does not have a driver.

Elaborating module <DATA_RAM>.

Elaborating module <Data_Flow>.

Elaborating module <Fetch>.

Elaborating module <ADD32>.

Elaborating module <Left_2_Shifter>.

Elaborating module <MUX32_2_1>.

Elaborating module <Control_Unit>.

Elaborating module <Control>.

Elaborating module <ALUop>.

Elaborating module <MUX5_2_1>.
WARNING:HDLCompiler:189 - "C:\Users\Administrator\Desktop\singleCPU\Data_Flow.v" Line 69: Size mismatch in connection of port <A>. Formal port size is 5-bit while actual signal size is 6-bit.
WARNING:HDLCompiler:189 - "C:\Users\Administrator\Desktop\singleCPU\Data_Flow.v" Line 70: Size mismatch in connection of port <B>. Formal port size is 5-bit while actual signal size is 6-bit.
WARNING:HDLCompiler:189 - "C:\Users\Administrator\Desktop\singleCPU\Data_Flow.v" Line 72: Size mismatch in connection of port <O>. Formal port size is 5-bit while actual signal size is 6-bit.

Elaborating module <RegFile>.
WARNING:HDLCompiler:189 - "C:\Users\Administrator\Desktop\singleCPU\Data_Flow.v" Line 79: Size mismatch in connection of port <Rn1>. Formal port size is 5-bit while actual signal size is 6-bit.
WARNING:HDLCompiler:189 - "C:\Users\Administrator\Desktop\singleCPU\Data_Flow.v" Line 80: Size mismatch in connection of port <Rn2>. Formal port size is 5-bit while actual signal size is 6-bit.
WARNING:HDLCompiler:189 - "C:\Users\Administrator\Desktop\singleCPU\Data_Flow.v" Line 81: Size mismatch in connection of port <Wn>. Formal port size is 5-bit while actual signal size is 6-bit.

Elaborating module <Sign_Extender>.
WARNING:HDLCompiler:189 - "C:\Users\Administrator\Desktop\singleCPU\Data_Flow.v" Line 95: Size mismatch in connection of port <A>. Formal port size is 5-bit while actual signal size is 32-bit.
WARNING:HDLCompiler:189 - "C:\Users\Administrator\Desktop\singleCPU\Data_Flow.v" Line 96: Size mismatch in connection of port <B>. Formal port size is 5-bit while actual signal size is 32-bit.
WARNING:HDLCompiler:189 - "C:\Users\Administrator\Desktop\singleCPU\Data_Flow.v" Line 98: Size mismatch in connection of port <O>. Formal port size is 5-bit while actual signal size is 1-bit.
WARNING:HDLCompiler:1127 - "C:\Users\Administrator\Desktop\singleCPU\Data_Flow.v" Line 98: Assignment to C ignored, since the identifier is never used

Elaborating module <ALU>.
WARNING:HDLCompiler:189 - "C:\Users\Administrator\Desktop\singleCPU\Data_Flow.v" Line 106: Size mismatch in connection of port <A>. Formal port size is 5-bit while actual signal size is 32-bit.
WARNING:HDLCompiler:189 - "C:\Users\Administrator\Desktop\singleCPU\Data_Flow.v" Line 107: Size mismatch in connection of port <B>. Formal port size is 5-bit while actual signal size is 32-bit.
WARNING:HDLCompiler:189 - "C:\Users\Administrator\Desktop\singleCPU\Data_Flow.v" Line 109: Size mismatch in connection of port <O>. Formal port size is 5-bit while actual signal size is 32-bit.
WARNING:HDLCompiler:634 - "C:\Users\Administrator\Desktop\singleCPU\Data_Flow.v" Line 89: Net <Before_Extend[15]> does not have a driver.
WARNING:Xst:2972 - "C:\Users\Administrator\Desktop\singleCPU\Data_Flow.v" line 95. All outputs of instance <Med_MUX> of block <MUX5_2_1> are unconnected in block <Data_Flow>. Underlying logic will be removed.
WARNING:Xst:2972 - "C:\Users\Administrator\Desktop\singleCPU\Computer.v" line 30. All outputs of instance <U1> of block <Inst_mem> are unconnected in block <Computer>. Underlying logic will be removed.
WARNING:Xst:2972 - "C:\Users\Administrator\Desktop\singleCPU\Computer.v" line 40. All outputs of instance <U2> of block <DATA_RAM> are unconnected in block <Computer>. Underlying logic will be removed.
WARNING:Xst:2972 - "C:\Users\Administrator\Desktop\singleCPU\Computer.v" line 47. All outputs of instance <U3> of block <Data_Flow> are unconnected in block <Computer>. Underlying logic will be removed.

=========================================================================
*                           HDL Synthesis                               *
=========================================================================

Synthesizing Unit <Computer>.
    Related source file is "C:\Users\Administrator\Desktop\singleCPU\Computer.v".
    Summary:
	no macro.
Unit <Computer> synthesized.

Synthesizing Unit <Fetch>.
    Related source file is "C:\Users\Administrator\Desktop\singleCPU\Mycode\Fetch.v".
    Found 1-bit register for signal <PC<31>>.
    Found 1-bit register for signal <PC<30>>.
    Found 1-bit register for signal <PC<29>>.
    Found 1-bit register for signal <PC<28>>.
    Found 1-bit register for signal <PC<27>>.
    Found 1-bit register for signal <PC<26>>.
    Found 1-bit register for signal <PC<25>>.
    Found 1-bit register for signal <PC<24>>.
    Found 1-bit register for signal <PC<23>>.
    Found 1-bit register for signal <PC<22>>.
    Found 1-bit register for signal <PC<21>>.
    Found 1-bit register for signal <PC<20>>.
    Found 1-bit register for signal <PC<19>>.
    Found 1-bit register for signal <PC<18>>.
    Found 1-bit register for signal <PC<17>>.
    Found 1-bit register for signal <PC<16>>.
    Found 1-bit register for signal <PC<15>>.
    Found 1-bit register for signal <PC<14>>.
    Found 1-bit register for signal <PC<13>>.
    Found 1-bit register for signal <PC<12>>.
    Found 1-bit register for signal <PC<11>>.
    Found 1-bit register for signal <PC<10>>.
    Found 1-bit register for signal <PC<9>>.
    Found 1-bit register for signal <PC<8>>.
    Found 1-bit register for signal <PC<7>>.
    Found 1-bit register for signal <PC<6>>.
    Found 1-bit register for signal <PC<5>>.
    Found 1-bit register for signal <PC<4>>.
    Found 1-bit register for signal <PC<3>>.
    Found 1-bit register for signal <PC<2>>.
    Found 1-bit register for signal <PC<1>>.
    Found 1-bit register for signal <PC<0>>.
    Summary:
	inferred  32 D-type flip-flop(s).
Unit <Fetch> synthesized.

Synthesizing Unit <ADD32>.
    Related source file is "C:\Users\Administrator\Desktop\singleCPU\Mycode\ADD32.v".
    Found 32-bit adder for signal <result> created at line 26.
    Summary:
	inferred   1 Adder/Subtractor(s).
Unit <ADD32> synthesized.

Synthesizing Unit <Left_2_Shifter>.
    Related source file is "C:\Users\Administrator\Desktop\singleCPU\Mycode\Left_2_Shifter.v".
WARNING:Xst:647 - Input <B_addr<31:30>> is never used. This port will be preserved and left unconnected if it belongs to a top-level block or it belongs to a sub-block and the hierarchy of this sub-block is preserved.
    Summary:
	no macro.
Unit <Left_2_Shifter> synthesized.

Synthesizing Unit <MUX32_2_1>.
    Related source file is "C:\Users\Administrator\Desktop\singleCPU\Mycode\MUX32_2_1.v".
    Summary:
	inferred   1 Multiplexer(s).
Unit <MUX32_2_1> synthesized.

Synthesizing Unit <Control_Unit>.
    Related source file is "C:\Users\Administrator\Desktop\singleCPU\Mycode\Control_Unit.v".
    Summary:
	no macro.
Unit <Control_Unit> synthesized.

Synthesizing Unit <Control>.
    Related source file is "C:\Users\Administrator\Desktop\singleCPU\Mycode\Control.v".
    Summary:
	no macro.
Unit <Control> synthesized.

Synthesizing Unit <ALUop>.
    Related source file is "C:\Users\Administrator\Desktop\singleCPU\Mycode\ALUop.v".
WARNING:Xst:647 - Input <func<5:3>> is never used. This port will be preserved and left unconnected if it belongs to a top-level block or it belongs to a sub-block and the hierarchy of this sub-block is preserved.
    Summary:
	no macro.
Unit <ALUop> synthesized.

Synthesizing Unit <MUX5_2_1>.
    Related source file is "C:\Users\Administrator\Desktop\singleCPU\Mycode\MUX5_2_1.v".
    Summary:
	no macro.
Unit <MUX5_2_1> synthesized.

Synthesizing Unit <RegFile>.
    Related source file is "C:\Users\Administrator\Desktop\singleCPU\Mycode\RegFile.v".
    Summary:
	no macro.
Unit <RegFile> synthesized.

Synthesizing Unit <Sign_Extender>.
    Related source file is "C:\Users\Administrator\Desktop\singleCPU\Sign_Extender.v".
    Summary:
	no macro.
Unit <Sign_Extender> synthesized.

Synthesizing Unit <ALU>.
    Related source file is "C:\Users\Administrator\Desktop\singleCPU\Mycode\ALU.v".
    Summary:
	no macro.
Unit <ALU> synthesized.

=========================================================================
HDL Synthesis Report

Found no macro
=========================================================================

=========================================================================
*                       Advanced HDL Synthesis                          *
=========================================================================


=========================================================================
Advanced HDL Synthesis Report

Found no macro
=========================================================================

=========================================================================
*                         Low Level Synthesis                           *
=========================================================================

Optimizing unit <Computer> ...

Mapping all equations...
Building and optimizing final netlist ...
Found area constraint ratio of 100 (+ 5) on block Computer, actual ratio is 0.

Final Macro Processing ...

=========================================================================
Final Register Report

Found no macro
=========================================================================

=========================================================================
*                           Partition Report                            *
=========================================================================

Partition Implementation Status
-------------------------------

  No Partitions were found in this design.

-------------------------------

=========================================================================
*                            Design Summary                             *
=========================================================================

Top Level Output File Name         : Computer.ngc

Primitive and Black Box Usage:
------------------------------

Device utilization summary:
---------------------------

Selected Device : 6slx45csg484-3 


Slice Logic Utilization: 

Slice Logic Distribution: 
 Number of LUT Flip Flop pairs used:      0
   Number with an unused Flip Flop:       0  out of      0         
   Number with an unused LUT:             0  out of      0         
   Number of fully used LUT-FF pairs:     0  out of      0         
   Number of unique control sets:         0

IO Utilization: 
 Number of IOs:                           2
 Number of bonded IOBs:                   0  out of    320     0%  

Specific Feature Utilization:

---------------------------
Partition Resource Summary:
---------------------------

  No Partitions were found in this design.

---------------------------


=========================================================================
Timing Report

NOTE: THESE TIMING NUMBERS ARE ONLY A SYNTHESIS ESTIMATE.
      FOR ACCURATE TIMING INFORMATION PLEASE REFER TO THE TRACE REPORT
      GENERATED AFTER PLACE-and-ROUTE.

Clock Information:
------------------
No clock signals found in this design

Asynchronous Control Signals Information:
----------------------------------------
No asynchronous control signals found in this design

Timing Summary:
---------------
Speed Grade: -3

   Minimum period: No path found
   Minimum input arrival time before clock: No path found
   Maximum output required time after clock: No path found
   Maximum combinational path delay: No path found

Timing Details:
---------------
All values displayed in nanoseconds (ns)

=========================================================================

Cross Clock Domains Report:
--------------------------

=========================================================================


Total REAL time to Xst completion: 7.00 secs
Total CPU time to Xst completion: 6.07 secs
 
--> 

Total memory usage is 260440 kilobytes

Number of errors   :    0 (   0 filtered)
Number of warnings :   21 (   0 filtered)
Number of infos    :    0 (   0 filtered)

